// Jest Snapshot v1, https://goo.gl/fbAQLP

exports[`CrossToken: fetchDataCrossToken 1`] = `
{
  "bornAt": 1591388241,
  "extraState": {
    "hasInteraction": [Function],
  },
  "hasInteraction": true,
  "id": "0x1231deb6f5749ef6ce6943a275a1d3e7486f4eae",
  "protocol": {
    "id": "uniswap2",
    "logo_url": "https://static.debank.com/image/project/logo_url/uniswap2/87a541b3b83b041c8d12119e5a0d19f0.png",
    "name": "Uniswap V2",
  },
  "rank": 65,
  "receiverInWallet": true,
  "sender": "0x5853ed4f26a3fcea565b3fbc698bb19cdf6deb85",
}
`;

exports[`CrossToken: fetchDataCrossToken 2`] = `
{
  "bornAt": 1591388241,
  "extraState": {
    "hasInteraction": [Function],
  },
  "hasInteraction": true,
  "id": "0x1231deb6f5749ef6ce6943a275a1d3e7486f4eae",
  "protocol": {
    "id": "uniswap2",
    "logo_url": "https://static.debank.com/image/project/logo_url/uniswap2/87a541b3b83b041c8d12119e5a0d19f0.png",
    "name": "Uniswap V2",
  },
  "rank": 65,
  "receiverInWallet": true,
  "sender": "0x5853ed4f26a3fcea565b3fbc698bb19cdf6deb85",
}
`;

exports[`CrossToken: formatSecurityEngineCrossToken 1`] = `
{
  "crossToken": {
    "chainId": "eth",
    "from": "0x5853ed4f26a3fcea565b3fbc698bb19cdf6deb85",
    "id": "0x1231deb6f5749ef6ce6943a275a1d3e7486f4eae",
    "receiveTokenIsFake": false,
    "receiveTokenIsScam": false,
    "receiver": "0xae4b6d8c72232c52c504eece54c36886a65f155d",
    "receiverInWallet": true,
    "usdValueChange": 2.74825e-14,
    "usdValuePercentage": 1.9605e-16,
  },
}
`;

exports[`CrossToken: formatSecurityEngineCrossToken 2`] = `
{
  "crossToken": {
    "chainId": "eth",
    "from": "0x5853ed4f26a3fcea565b3fbc698bb19cdf6deb85",
    "id": "0x1231deb6f5749ef6ce6943a275a1d3e7486f4eae",
    "receiveTokenIsFake": false,
    "receiveTokenIsScam": false,
    "receiver": "0xae4b6d8c72232c52c504eece54c36886a65f155d",
    "receiverInWallet": true,
    "usdValueChange": 2.74825e-14,
    "usdValuePercentage": 1.9605e-16,
  },
}
`;

exports[`CrossToken: parseActionCrossToken 1`] = `
{
  "crossToken": {
    "payToken": {
      "amount": 0.0510069687665455,
      "chain": "mode",
      "credit_score": 100000000,
      "decimals": 18,
      "display_symbol": null,
      "id": "mode",
      "is_core": true,
      "is_scam": false,
      "is_suspicious": false,
      "is_verified": true,
      "is_wallet": true,
      "logo_url": "https://static.debank.com/image/coin/logo_url/eth/6443cdccced33e204d90cb723c632917.png",
      "name": "ETH",
      "optimized_symbol": "ETH",
      "price": 2748.25,
      "price_24h_change": -0.006700906104185704,
      "protocol_id": "",
      "raw_amount": "51006968766545500",
      "symbol": "ETH",
      "time_at": null,
    },
    "receiveToken": {
      "chain": "base",
      "credit_score": 100000000,
      "decimals": 18,
      "display_symbol": null,
      "id": "base",
      "is_core": true,
      "is_scam": false,
      "is_suspicious": false,
      "is_verified": true,
      "is_wallet": true,
      "logo_url": "https://static.debank.com/image/coin/logo_url/eth/6443cdccced33e204d90cb723c632917.png",
      "min_amount": 0.05100696876654551,
      "min_raw_amount": "51006968766545504",
      "name": "ETH",
      "optimized_symbol": "ETH",
      "price": 2748.25,
      "price_24h_change": -0.006700906104185704,
      "protocol_id": "",
      "symbol": "ETH",
      "time_at": null,
    },
    "receiver": "0xae4b6d8c72232c52c504eece54c36886a65f155d",
    "usdValueDiff": "0.0000000000000274825",
    "usdValuePercentage": 1.9605e-16,
  },
}
`;

exports[`CrossToken: parseActionCrossToken 2`] = `
{
  "crossToken": {
    "payToken": {
      "amount": 0.0510069687665455,
      "chain": "mode",
      "credit_score": 100000000,
      "decimals": 18,
      "display_symbol": null,
      "id": "mode",
      "is_core": true,
      "is_scam": false,
      "is_suspicious": false,
      "is_verified": true,
      "is_wallet": true,
      "logo_url": "https://static.debank.com/image/coin/logo_url/eth/6443cdccced33e204d90cb723c632917.png",
      "name": "ETH",
      "optimized_symbol": "ETH",
      "price": 2748.25,
      "price_24h_change": -0.006700906104185704,
      "protocol_id": "",
      "raw_amount": "51006968766545500",
      "symbol": "ETH",
      "time_at": null,
    },
    "receiveToken": {
      "chain": "base",
      "credit_score": 100000000,
      "decimals": 18,
      "display_symbol": null,
      "id": "base",
      "is_core": true,
      "is_scam": false,
      "is_suspicious": false,
      "is_verified": true,
      "is_wallet": true,
      "logo_url": "https://static.debank.com/image/coin/logo_url/eth/6443cdccced33e204d90cb723c632917.png",
      "min_amount": 0.05100696876654551,
      "min_raw_amount": "51006968766545504",
      "name": "ETH",
      "optimized_symbol": "ETH",
      "price": 2748.25,
      "price_24h_change": -0.006700906104185704,
      "protocol_id": "",
      "symbol": "ETH",
      "time_at": null,
    },
    "receiver": "0xae4b6d8c72232c52c504eece54c36886a65f155d",
    "usdValueDiff": "0.0000000000000274825",
    "usdValuePercentage": 1.9605e-16,
  },
}
`;
