// Jest Snapshot v1, https://goo.gl/fbAQLP

exports[`BatchPermit2: fetchDataBatchPermit2 1`] = `
{
  "bornAt": 1591388241,
  "contract": null,
  "hasInteraction": true,
  "isDanger": false,
  "isEOA": false,
  "protocol": {
    "id": "uniswap2",
    "logo_url": "https://static.debank.com/image/project/logo_url/uniswap2/87a541b3b83b041c8d12119e5a0d19f0.png",
    "name": "Uniswap V2",
  },
  "rank": 65,
  "riskExposure": 20000000000,
  "tokens": [
    {
      "amount": 7.625238,
      "chain": "eth",
      "credit_score": 18127653.217581443,
      "decimals": 6,
      "display_symbol": null,
      "id": "0xa0b86991c6218b36c1d19d4a2e9eb0ce3606eb48",
      "is_core": true,
      "is_scam": false,
      "is_suspicious": false,
      "is_verified": true,
      "is_wallet": true,
      "logo_url": "https://static.debank.com/image/eth_token/logo_url/0xa0b86991c6218b36c1d19d4a2e9eb0ce3606eb48/fffcd27b9efff5a86ab942084c05924d.png",
      "name": "USD Coin",
      "optimized_symbol": "USDC",
      "price": 0.9998000399920016,
      "price_24h_change": 0.00009998000399924235,
      "protocol_id": "",
      "raw_amount": 7625238,
      "raw_amount_hex_str": "0x745a16",
      "symbol": "USDC",
      "time_at": 1533324504,
    },
    {
      "amount": 7.625238,
      "chain": "eth",
      "credit_score": 18127653.217581443,
      "decimals": 6,
      "display_symbol": null,
      "id": "0xa0b86991c6218b36c1d19d4a2e9eb0ce3606eb48",
      "is_core": true,
      "is_scam": false,
      "is_suspicious": false,
      "is_verified": true,
      "is_wallet": true,
      "logo_url": "https://static.debank.com/image/eth_token/logo_url/0xa0b86991c6218b36c1d19d4a2e9eb0ce3606eb48/fffcd27b9efff5a86ab942084c05924d.png",
      "name": "USD Coin",
      "optimized_symbol": "USDC",
      "price": 0.9998000399920016,
      "price_24h_change": 0.00009998000399924235,
      "protocol_id": "",
      "raw_amount": 7625238,
      "raw_amount_hex_str": "0x745a16",
      "symbol": "USDC",
      "time_at": 1533324504,
    },
    {
      "amount": 7.625238,
      "chain": "eth",
      "credit_score": 18127653.217581443,
      "decimals": 6,
      "display_symbol": null,
      "id": "0xa0b86991c6218b36c1d19d4a2e9eb0ce3606eb48",
      "is_core": true,
      "is_scam": false,
      "is_suspicious": false,
      "is_verified": true,
      "is_wallet": true,
      "logo_url": "https://static.debank.com/image/eth_token/logo_url/0xa0b86991c6218b36c1d19d4a2e9eb0ce3606eb48/fffcd27b9efff5a86ab942084c05924d.png",
      "name": "USD Coin",
      "optimized_symbol": "USDC",
      "price": 0.9998000399920016,
      "price_24h_change": 0.00009998000399924235,
      "protocol_id": "",
      "raw_amount": 7625238,
      "raw_amount_hex_str": "0x745a16",
      "symbol": "USDC",
      "time_at": 1533324504,
    },
    {
      "amount": 7.625238,
      "chain": "eth",
      "credit_score": 18127653.217581443,
      "decimals": 6,
      "display_symbol": null,
      "id": "0xa0b86991c6218b36c1d19d4a2e9eb0ce3606eb48",
      "is_core": true,
      "is_scam": false,
      "is_suspicious": false,
      "is_verified": true,
      "is_wallet": true,
      "logo_url": "https://static.debank.com/image/eth_token/logo_url/0xa0b86991c6218b36c1d19d4a2e9eb0ce3606eb48/fffcd27b9efff5a86ab942084c05924d.png",
      "name": "USD Coin",
      "optimized_symbol": "USDC",
      "price": 0.9998000399920016,
      "price_24h_change": 0.00009998000399924235,
      "protocol_id": "",
      "raw_amount": 7625238,
      "raw_amount_hex_str": "0x745a16",
      "symbol": "USDC",
      "time_at": 1533324504,
    },
  ],
}
`;

exports[`BatchPermit2: formatSecurityEngineBatchPermit2 1`] = `
{
  "batchPermit2": {
    "chainId": "eth",
    "deployDays": 1539,
    "hasInteracted": true,
    "isDanger": false,
    "isEOA": false,
    "riskExposure": 20000000000,
    "spender": "0xef1c6e67703c7bd7107eed8303fbe6ec2554bf6b",
  },
}
`;

exports[`BatchPermit2: parseActionBatchPermit2 1`] = `
{
  "actionType": "permit2_approve_token_list",
  "batchPermit2": {
    "expire_at": 1680868093,
    "permit2_id": "0x000000000022d473030f116ddee9f6b43ac78ba3",
    "sig_expire_at": 1678277893,
    "spender": "0xef1c6e67703c7bd7107eed8303fbe6ec2554bf6b",
    "token_list": [
      {
        "amount": 1.461501637330903e+42,
        "chain": "eth",
        "credit_score": 18127653.217581443,
        "decimals": 6,
        "display_symbol": null,
        "id": "0xa0b86991c6218b36c1d19d4a2e9eb0ce3606eb48",
        "is_core": true,
        "is_scam": false,
        "is_suspicious": false,
        "is_verified": true,
        "is_wallet": true,
        "logo_url": "https://static.debank.com/image/eth_token/logo_url/0xa0b86991c6218b36c1d19d4a2e9eb0ce3606eb48/fffcd27b9efff5a86ab942084c05924d.png",
        "name": "USD Coin",
        "optimized_symbol": "USDC",
        "permit2_allowance_amount": 1.157920892373162e+71,
        "permit2_allowance_raw_amount": "115792089237316195423570985008687907853269984665640564039457584007912338673734",
        "price": 0.9998000399920016,
        "price_24h_change": 0.00009998000399924235,
        "protocol_id": "",
        "raw_amount": "1461501637330902918203684832716283019655932542975",
        "symbol": "USDC",
        "time_at": 1533324504,
      },
      {
        "amount": 1.461501637330903e+30,
        "chain": "eth",
        "credit_score": 4828481.278011774,
        "decimals": 18,
        "display_symbol": "",
        "id": "0x6b175474e89094c44da98b954eedeac495271d0f",
        "is_core": true,
        "is_scam": false,
        "is_suspicious": false,
        "is_verified": true,
        "is_wallet": true,
        "logo_url": "https://static.debank.com/image/eth_token/logo_url/0x6b175474e89094c44da98b954eedeac495271d0f/549c4205dbb199f1b8b03af783f35e71.png",
        "name": "Dai Stablecoin",
        "optimized_symbol": "DAI",
        "permit2_allowance_amount": 1.157920892373162e+59,
        "permit2_allowance_raw_amount": "115792089237316195423570985008687907853269984665640564039457584007913129639935",
        "price": 0.9999,
        "price_24h_change": 0.00010002000400078914,
        "protocol_id": "makerdao",
        "raw_amount": "1461501637330902918203684832716283019655932542975",
        "symbol": "DAI",
        "time_at": 1573672677,
      },
      {
        "amount": 1.461501637330903e+42,
        "chain": "eth",
        "credit_score": 15168059.802964294,
        "decimals": 6,
        "display_symbol": "",
        "id": "0xdac17f958d2ee523a2206206994597c13d831ec7",
        "is_core": true,
        "is_scam": false,
        "is_suspicious": false,
        "is_verified": true,
        "is_wallet": true,
        "logo_url": "https://static.debank.com/image/coin/logo_url/usdt/23af7472292cb41dc39b3f1146ead0fe.png",
        "name": "Tether USD",
        "optimized_symbol": "USDT",
        "permit2_allowance_amount": 1.157920892373162e+71,
        "permit2_allowance_raw_amount": "115792089237316195423570985008687907853269984665640564039457584007913129639935",
        "price": 1.0001,
        "price_24h_change": -0.0000899829032483063,
        "protocol_id": "",
        "raw_amount": "1461501637330902918203684832716283019655932542975",
        "symbol": "USDT",
        "time_at": 1511829681,
      },
      {
        "amount": 1.461501637330903e+30,
        "chain": "eth",
        "credit_score": 932856.2496233443,
        "decimals": 18,
        "display_symbol": null,
        "id": "0x1f9840a85d5af5bf1d1762f925bdaddc4201f984",
        "is_core": true,
        "is_scam": false,
        "is_suspicious": false,
        "is_verified": true,
        "is_wallet": true,
        "logo_url": "https://static.debank.com/image/eth_token/logo_url/0x1f9840a85d5af5bf1d1762f925bdaddc4201f984/fcee0c46fc9864f48ce6a40ed1cdd135.png",
        "name": "Uniswap",
        "optimized_symbol": "UNI",
        "permit2_allowance_amount": 0,
        "permit2_allowance_raw_amount": "0",
        "price": 6.901031828423142,
        "price_24h_change": -0.013843173669132663,
        "protocol_id": "uniswap3",
        "raw_amount": "1461501637330902918203684832716283019655932542975",
        "symbol": "UNI",
        "time_at": 1600107086,
      },
    ],
  },
  "brand": undefined,
  "chainId": "1",
  "contractId": "0x000000000022d473030f116ddee9f6b43ac78ba3",
  "sender": "0x5853ed4f26a3fcea565b3fbc698bb19cdf6deb85",
}
`;
