// Jest Snapshot v1, https://goo.gl/fbAQLP

exports[`UnwrapToken: fetchDataUnwrapToken 1`] = `
{
  "bornAt": 1591388241,
  "hasInteraction": true,
  "id": "0x0d500b1d8e8ef31e21c99d1db9a6444d3adf1270",
  "protocol": {
    "id": "uniswap2",
    "logo_url": "https://static.debank.com/image/project/logo_url/uniswap2/87a541b3b83b041c8d12119e5a0d19f0.png",
    "name": "Uniswap V2",
  },
  "rank": 65,
  "receiverInWallet": true,
  "sender": "0x5853ed4f26a3fcea565b3fbc698bb19cdf6deb85",
}
`;

exports[`UnwrapToken: fetchDataUnwrapToken 2`] = `
{
  "bornAt": 1591388241,
  "hasInteraction": true,
  "id": "0x0d500b1d8e8ef31e21c99d1db9a6444d3adf1270",
  "protocol": {
    "id": "uniswap2",
    "logo_url": "https://static.debank.com/image/project/logo_url/uniswap2/87a541b3b83b041c8d12119e5a0d19f0.png",
    "name": "Uniswap V2",
  },
  "rank": 65,
  "receiverInWallet": true,
  "sender": "0x5853ed4f26a3fcea565b3fbc698bb19cdf6deb85",
}
`;

exports[`UnwrapToken: formatSecurityEngineUnwrapToken 1`] = `
{
  "contractCall": {
    "chainId": "eth",
    "id": "0x0d500b1d8e8ef31e21c99d1db9a6444d3adf1270",
  },
  "unwrapToken": {
    "chainId": "eth",
    "from": "0x5853ed4f26a3fcea565b3fbc698bb19cdf6deb85",
    "id": "0x0d500b1d8e8ef31e21c99d1db9a6444d3adf1270",
    "receiver": "0x5853ed4f26a3fcea565b3fbc698bb19cdf6deb85",
    "receiverInWallet": true,
    "slippageTolerance": 0,
  },
}
`;

exports[`UnwrapToken: formatSecurityEngineUnwrapToken 2`] = `
{
  "contractCall": {
    "chainId": "eth",
    "id": "0x0d500b1d8e8ef31e21c99d1db9a6444d3adf1270",
  },
  "unwrapToken": {
    "chainId": "eth",
    "from": "0x5853ed4f26a3fcea565b3fbc698bb19cdf6deb85",
    "id": "0x0d500b1d8e8ef31e21c99d1db9a6444d3adf1270",
    "receiver": "0x5853ed4f26a3fcea565b3fbc698bb19cdf6deb85",
    "receiverInWallet": true,
    "slippageTolerance": 0,
  },
}
`;

exports[`UnwrapToken: parseActionUnwrapToken 1`] = `
{
  "unWrapToken": {
    "payToken": {
      "amount": 1.4996299591316316,
      "chain": "matic",
      "credit_score": 5562376.8888414465,
      "decimals": 18,
      "display_symbol": "WMATIC",
      "id": "0x0d500b1d8e8ef31e21c99d1db9a6444d3adf1270",
      "is_core": true,
      "is_scam": false,
      "is_suspicious": false,
      "is_verified": true,
      "is_wallet": true,
      "logo_url": "https://static.debank.com/image/matic_token/logo_url/0x0d500b1d8e8ef31e21c99d1db9a6444d3adf1270/f6e604ba0324726a3d687c618aa4f163.png",
      "name": "Wrapped Matic",
      "optimized_symbol": "WMATIC",
      "price": 0.522,
      "price_24h_change": -0.0526220286699329,
      "protocol_id": "matic_wmatic",
      "raw_amount": "1499629959131631575",
      "symbol": "WMATIC",
      "time_at": 1601030209,
    },
    "receiveToken": {
      "chain": "matic",
      "credit_score": 100000000,
      "decimals": 18,
      "display_symbol": null,
      "id": "matic",
      "is_core": true,
      "is_scam": false,
      "is_suspicious": false,
      "is_verified": true,
      "is_wallet": true,
      "logo_url": "https://static.debank.com/image/matic_token/logo_url/matic/6f5a6b6f0732a7a235131bd7804d357c.png",
      "min_amount": 1.4996299591316316,
      "min_raw_amount": "1499629959131631575",
      "name": "MATIC",
      "optimized_symbol": "MATIC",
      "price": 0.522,
      "price_24h_change": -0.0526220286699329,
      "protocol_id": "",
      "symbol": "MATIC",
      "time_at": null,
    },
    "receiver": "0x5853ed4f26a3fcea565b3fbc698bb19cdf6deb85",
    "slippageTolerance": 0,
  },
}
`;

exports[`UnwrapToken: parseActionUnwrapToken 2`] = `
{
  "unWrapToken": {
    "payToken": {
      "amount": 1.4996299591316316,
      "chain": "matic",
      "credit_score": 5562376.8888414465,
      "decimals": 18,
      "display_symbol": "WMATIC",
      "id": "0x0d500b1d8e8ef31e21c99d1db9a6444d3adf1270",
      "is_core": true,
      "is_scam": false,
      "is_suspicious": false,
      "is_verified": true,
      "is_wallet": true,
      "logo_url": "https://static.debank.com/image/matic_token/logo_url/0x0d500b1d8e8ef31e21c99d1db9a6444d3adf1270/f6e604ba0324726a3d687c618aa4f163.png",
      "name": "Wrapped Matic",
      "optimized_symbol": "WMATIC",
      "price": 0.522,
      "price_24h_change": -0.0526220286699329,
      "protocol_id": "matic_wmatic",
      "raw_amount": "1499629959131631575",
      "symbol": "WMATIC",
      "time_at": 1601030209,
    },
    "receiveToken": {
      "chain": "matic",
      "credit_score": 100000000,
      "decimals": 18,
      "display_symbol": null,
      "id": "matic",
      "is_core": true,
      "is_scam": false,
      "is_suspicious": false,
      "is_verified": true,
      "is_wallet": true,
      "logo_url": "https://static.debank.com/image/matic_token/logo_url/matic/6f5a6b6f0732a7a235131bd7804d357c.png",
      "min_amount": 1.4996299591316316,
      "min_raw_amount": "1499629959131631575",
      "name": "MATIC",
      "optimized_symbol": "MATIC",
      "price": 0.522,
      "price_24h_change": -0.0526220286699329,
      "protocol_id": "",
      "symbol": "MATIC",
      "time_at": null,
    },
    "receiver": "0x5853ed4f26a3fcea565b3fbc698bb19cdf6deb85",
    "slippageTolerance": 0,
  },
}
`;
